C51 COMPILER V9.01   BUTTON_MATRIX                                                         06/02/2022 14:29:22 PAGE 1   


C51 COMPILER V9.01, COMPILATION OF MODULE BUTTON_MATRIX
OBJECT MODULE PLACED IN Button_Matrix.OBJ
COMPILER INVOKED BY: E:\Keil\C51\BIN\C51.EXE Button_Matrix.c BROWSE DEBUG OBJECTEXTEND

line level    source

   1          #include "Scan_Button.h"
   2          #include " display_utils.h"
   3          
   4          void delay(uint i){
   5   1              while(i--){}
   6   1      }
   7          void main(){
   8   1              while(1){               
   9   2                      uint line;
  10   2                      uint col;
  11   2                      /*获取矩阵按键位置*/
  12   2                      delay(10000);
  13   2                      line = get_line();
  14   2                      col = get_col();
  15   2                      delay(10000);
  16   2                      if(line<4 && col<4){
  17   3                              P0 = Table16[line][col];
  18   3                      } 
  19   2              
  20   2              }
  21   1      }
  22          


MODULE INFORMATION:   STATIC OVERLAYABLE
   CODE SIZE        =    260    ----
   CONSTANT SIZE    =   ----    ----
   XDATA SIZE       =   ----    ----
   PDATA SIZE       =   ----    ----
   DATA SIZE        =     32       4
   IDATA SIZE       =   ----    ----
   BIT SIZE         =   ----    ----
END OF MODULE INFORMATION.


C51 COMPILATION COMPLETE.  0 WARNING(S),  0 ERROR(S)
